<html>
<body>
<pre>
<h1>µVision Build Log</h1>
<h2>Tool Versions:</h2>
IDE-Version: ¦ÌVision V5.14.0.0
Copyright (C) 2015 ARM Ltd and ARM Germany GmbH. All rights reserved.
License Information: 1 1, 1, LIC=GE745-G42VZ-WIK5K-ZCP70-XLR2F-CJCIQ
 
Tool Versions:
Toolchain:       MDK-ARM Professional  Version: 5.14.0.0
Toolchain Path:  D:\Ksoftware\Keil for Arm\ARM\ARMCC\Bin
C Compiler:      Armcc.exe V5.05 update 1 (build 106)
Assembler:       Armasm.exe V5.05 update 1 (build 106)
Linker/Locator:  ArmLink.exe V5.05 update 1 (build 106)
Library Manager: ArmAr.exe V5.05 update 1 (build 106)
Hex Converter:   FromElf.exe V5.05 update 1 (build 106)
CPU DLL:         SARMCM3.DLL V5.14.0.0
Dialog DLL:      DARMCM1.DLL V1.12.0.0
Target DLL:      CMSIS_AGDI.dll V1.21.0.0
Dialog DLL:      TARMCM1.DLL V1.9.0.0
 
<h2>Project:</h2>
D:\Anlogic_M0\M0_Experiments\Experiments\Task1\keil\code.uvprojx
Project File Date:  03/28/2023

<h2>Output:</h2>
Build target 'Target 1'
linking...
.\code.sct(8): warning: L6314W: No section matches pattern *(InRoot$$Sections).
Program Size: Code=12 RO-data=68 RW-data=0 ZI-data=0  
Finished: 0 information, 1 warning and 0 error messages.
FromELF: creating hex file...
After Build - User command #1: fromelf -cvf .\code.axf --vhx --32x1 -o code.hex
After Build - User command #2: fromelf -cvf .\code.axf -o code.txt
".\code.axf" - 0 Error(s), 1 Warning(s).

<h2>Collection of Component include folders:</h2>
  D:\Anlogic_M0\M0_Experiments\Experiments\Task1\keil\RTE
  D:\Ksoftware\Keil for Arm\ARM\PACK\Keil\V2M-MPS2_CMx_BSP\1.8.0

<h2>Collection of Component Files used:</h2>
</pre>
</body>
</html>
